┃ This is a very long title. Are you sure you want to commit those changes?     
┃                                                                               
┃                                Yes     No                                     
                                                                                
←/→ toggle • enter submit • y Yes • n No