  First   Fourth     
  >       >          
                     
  Second  Fifth      
  >       >          
                     
  Third   Sixth      
  >       >          
                     
  Seventh  Eleventh  
  >        >         
                     
  Eigth    Twelveth  
  >        >         
                     
  Nineth   Thirteenth
  >        >         
                     
  Tenth              
  >                  
                     
                     
                     